Archive member included to satisfy reference by file (symbol)

f:/atmel/7.0/toolchain/avr8/avr8-gnu-toolchain/bin/../lib/gcc/avr/5.4.0/../../../../avr/lib/avr5\libm.a(addsf3.o)
                              LCD.o (__subsf3)
f:/atmel/7.0/toolchain/avr8/avr8-gnu-toolchain/bin/../lib/gcc/avr/5.4.0/../../../../avr/lib/avr5\libm.a(addsf3x.o)
                              f:/atmel/7.0/toolchain/avr8/avr8-gnu-toolchain/bin/../lib/gcc/avr/5.4.0/../../../../avr/lib/avr5\libm.a(addsf3.o) (__addsf3x)
f:/atmel/7.0/toolchain/avr8/avr8-gnu-toolchain/bin/../lib/gcc/avr/5.4.0/../../../../avr/lib/avr5\libm.a(cmpsf2.o)
                              Timer.o (__nesf2)
f:/atmel/7.0/toolchain/avr8/avr8-gnu-toolchain/bin/../lib/gcc/avr/5.4.0/../../../../avr/lib/avr5\libm.a(divsf3.o)
                              Timer.o (__divsf3)
f:/atmel/7.0/toolchain/avr8/avr8-gnu-toolchain/bin/../lib/gcc/avr/5.4.0/../../../../avr/lib/avr5\libm.a(divsf3x.o)
                              f:/atmel/7.0/toolchain/avr8/avr8-gnu-toolchain/bin/../lib/gcc/avr/5.4.0/../../../../avr/lib/avr5\libm.a(divsf3.o) (__divsf3x)
f:/atmel/7.0/toolchain/avr8/avr8-gnu-toolchain/bin/../lib/gcc/avr/5.4.0/../../../../avr/lib/avr5\libm.a(fixunssfsi.o)
                              LCD.o (__fixunssfsi)
f:/atmel/7.0/toolchain/avr8/avr8-gnu-toolchain/bin/../lib/gcc/avr/5.4.0/../../../../avr/lib/avr5\libm.a(floatsisf.o)
                              LCD.o (__floatunsisf)
f:/atmel/7.0/toolchain/avr8/avr8-gnu-toolchain/bin/../lib/gcc/avr/5.4.0/../../../../avr/lib/avr5\libm.a(fp_cmp.o)
                              f:/atmel/7.0/toolchain/avr8/avr8-gnu-toolchain/bin/../lib/gcc/avr/5.4.0/../../../../avr/lib/avr5\libm.a(cmpsf2.o) (__fp_cmp)
f:/atmel/7.0/toolchain/avr8/avr8-gnu-toolchain/bin/../lib/gcc/avr/5.4.0/../../../../avr/lib/avr5\libm.a(fp_inf.o)
                              f:/atmel/7.0/toolchain/avr8/avr8-gnu-toolchain/bin/../lib/gcc/avr/5.4.0/../../../../avr/lib/avr5\libm.a(addsf3x.o) (__fp_inf)
f:/atmel/7.0/toolchain/avr8/avr8-gnu-toolchain/bin/../lib/gcc/avr/5.4.0/../../../../avr/lib/avr5\libm.a(fp_nan.o)
                              f:/atmel/7.0/toolchain/avr8/avr8-gnu-toolchain/bin/../lib/gcc/avr/5.4.0/../../../../avr/lib/avr5\libm.a(addsf3x.o) (__fp_nan)
f:/atmel/7.0/toolchain/avr8/avr8-gnu-toolchain/bin/../lib/gcc/avr/5.4.0/../../../../avr/lib/avr5\libm.a(fp_pscA.o)
                              f:/atmel/7.0/toolchain/avr8/avr8-gnu-toolchain/bin/../lib/gcc/avr/5.4.0/../../../../avr/lib/avr5\libm.a(addsf3x.o) (__fp_pscA)
f:/atmel/7.0/toolchain/avr8/avr8-gnu-toolchain/bin/../lib/gcc/avr/5.4.0/../../../../avr/lib/avr5\libm.a(fp_pscB.o)
                              f:/atmel/7.0/toolchain/avr8/avr8-gnu-toolchain/bin/../lib/gcc/avr/5.4.0/../../../../avr/lib/avr5\libm.a(addsf3x.o) (__fp_pscB)
f:/atmel/7.0/toolchain/avr8/avr8-gnu-toolchain/bin/../lib/gcc/avr/5.4.0/../../../../avr/lib/avr5\libm.a(fp_round.o)
                              f:/atmel/7.0/toolchain/avr8/avr8-gnu-toolchain/bin/../lib/gcc/avr/5.4.0/../../../../avr/lib/avr5\libm.a(addsf3.o) (__fp_round)
f:/atmel/7.0/toolchain/avr8/avr8-gnu-toolchain/bin/../lib/gcc/avr/5.4.0/../../../../avr/lib/avr5\libm.a(fp_split3.o)
                              f:/atmel/7.0/toolchain/avr8/avr8-gnu-toolchain/bin/../lib/gcc/avr/5.4.0/../../../../avr/lib/avr5\libm.a(addsf3x.o) (__fp_split3)
f:/atmel/7.0/toolchain/avr8/avr8-gnu-toolchain/bin/../lib/gcc/avr/5.4.0/../../../../avr/lib/avr5\libm.a(fp_zero.o)
                              f:/atmel/7.0/toolchain/avr8/avr8-gnu-toolchain/bin/../lib/gcc/avr/5.4.0/../../../../avr/lib/avr5\libm.a(addsf3x.o) (__fp_zero)
f:/atmel/7.0/toolchain/avr8/avr8-gnu-toolchain/bin/../lib/gcc/avr/5.4.0/../../../../avr/lib/avr5\libm.a(gesf2.o)
                              UART.o (__gesf2)
f:/atmel/7.0/toolchain/avr8/avr8-gnu-toolchain/bin/../lib/gcc/avr/5.4.0/../../../../avr/lib/avr5\libm.a(mulsf3.o)
                              LCD.o (__mulsf3)
f:/atmel/7.0/toolchain/avr8/avr8-gnu-toolchain/bin/../lib/gcc/avr/5.4.0/../../../../avr/lib/avr5\libm.a(mulsf3x.o)
                              f:/atmel/7.0/toolchain/avr8/avr8-gnu-toolchain/bin/../lib/gcc/avr/5.4.0/../../../../avr/lib/avr5\libm.a(mulsf3.o) (__mulsf3x)
f:/atmel/7.0/toolchain/avr8/avr8-gnu-toolchain/bin/../lib/gcc/avr/5.4.0/avr5\libgcc.a(_divmodhi4.o)
                              LCD.o (__divmodhi4)
f:/atmel/7.0/toolchain/avr8/avr8-gnu-toolchain/bin/../lib/gcc/avr/5.4.0/avr5\libgcc.a(_udivmodsi4.o)
                              LCD.o (__udivmodsi4)
f:/atmel/7.0/toolchain/avr8/avr8-gnu-toolchain/bin/../lib/gcc/avr/5.4.0/avr5\libgcc.a(_exit.o)
                              F:/ATMEL/7.0/Packs/atmel/ATmega_DFP/1.7.374/gcc/dev/atmega32/avr5/crtatmega32.o (exit)
f:/atmel/7.0/toolchain/avr8/avr8-gnu-toolchain/bin/../lib/gcc/avr/5.4.0/avr5\libgcc.a(_copy_data.o)
                              EXR_Interrupt.o (__do_copy_data)
f:/atmel/7.0/toolchain/avr8/avr8-gnu-toolchain/bin/../lib/gcc/avr/5.4.0/avr5\libgcc.a(_clear_bss.o)
                              EXR_Interrupt.o (__do_clear_bss)
f:/atmel/7.0/toolchain/avr8/avr8-gnu-toolchain/bin/../lib/gcc/avr/5.4.0/avr5\libgcc.a(_udivmodhi4.o)
                              f:/atmel/7.0/toolchain/avr8/avr8-gnu-toolchain/bin/../lib/gcc/avr/5.4.0/avr5\libgcc.a(_divmodhi4.o) (__udivmodhi4)

Discarded input sections

 .data          0x00000000        0x0 F:/ATMEL/7.0/Packs/atmel/ATmega_DFP/1.7.374/gcc/dev/atmega32/avr5/crtatmega32.o
 .bss           0x00000000        0x0 F:/ATMEL/7.0/Packs/atmel/ATmega_DFP/1.7.374/gcc/dev/atmega32/avr5/crtatmega32.o
 .text          0x00000000        0x0 ADC.o
 .data          0x00000000        0x0 ADC.o
 .bss           0x00000000        0x0 ADC.o
 .text.ADC_Disable
                0x00000000        0x8 ADC.o
 .text          0x00000000        0x0 Buzzer.o
 .data          0x00000000        0x0 Buzzer.o
 .bss           0x00000000        0x0 Buzzer.o
 .text.Buzzer_Init
                0x00000000       0x16 Buzzer.o
 .text          0x00000000        0x0 DCM.o
 .data          0x00000000        0x0 DCM.o
 .bss           0x00000000        0x0 DCM.o
 .text.DCM_ON   0x00000000       0xbe DCM.o
 .text.DCM_Speed
                0x00000000       0x26 DCM.o
 .text.DCM_OFF  0x00000000       0x1c DCM.o
 .debug_info    0x00000000      0x376 DCM.o
 .debug_abbrev  0x00000000       0xce DCM.o
 .debug_loc     0x00000000      0x165 DCM.o
 .debug_aranges
                0x00000000       0x30 DCM.o
 .debug_ranges  0x00000000       0x20 DCM.o
 .debug_line    0x00000000      0x11e DCM.o
 .debug_str     0x00000000      0x1d8 DCM.o
 .comment       0x00000000       0x31 DCM.o
 .debug_frame   0x00000000       0x60 DCM.o
 .text          0x00000000        0x0 DC_Motor.o
 .data          0x00000000        0x0 DC_Motor.o
 .bss           0x00000000        0x0 DC_Motor.o
 .text.DC_Motor2_INIT
                0x00000000       0x2e DC_Motor.o
 .text.DC_Motor2_START
                0x00000000       0x52 DC_Motor.o
 .text.DC_Motor2_STOP
                0x00000000       0x16 DC_Motor.o
 .text          0x00000000        0x0 DIO.o
 .data          0x00000000        0x0 DIO.o
 .bss           0x00000000        0x0 DIO.o
 .text.DIO_SetPin_Pullup
                0x00000000       0x68 DIO.o
 .text          0x00000000        0x0 EEPROM.o
 .data          0x00000000        0x0 EEPROM.o
 .bss           0x00000000        0x0 EEPROM.o
 .text.EEPROM_INIT
                0x00000000        0x6 EEPROM.o
 .text.EEPROM_WriteMultiBytes
                0x00000000       0x4e EEPROM.o
 .text.EEPROM_WriteString
                0x00000000       0x46 EEPROM.o
 .text.EEPROM_ReadMultiByte
                0x00000000       0x60 EEPROM.o
 .text          0x00000000        0x0 EXR_Interrupt.o
 .data          0x00000000        0x0 EXR_Interrupt.o
 .bss           0x00000000        0x0 EXR_Interrupt.o
 .text.INT0_Init
                0x00000000       0x1e EXR_Interrupt.o
 .text.INT1_Init
                0x00000000       0x1c EXR_Interrupt.o
 .text.INT2_Init
                0x00000000       0x1c EXR_Interrupt.o
 .text          0x00000000        0x0 Functions.o
 .data          0x00000000        0x0 Functions.o
 .bss           0x00000000        0x0 Functions.o
 .text          0x00000000        0x0 I2C.o
 .data          0x00000000        0x0 I2C.o
 .bss           0x00000000        0x0 I2C.o
 .text.I2C_callback0
                0x00000000        0xa I2C.o
 .text.I2C_callback1
                0x00000000        0xa I2C.o
 .text.I2C_INIT
                0x00000000       0x10 I2C.o
 .text.I2C_SendMultiData
                0x00000000       0x2c I2C.o
 .text.I2C_SendString
                0x00000000       0x26 I2C.o
 .text.I2C_ReadMultiData
                0x00000000        0xe I2C.o
 .bss.pptr1     0x00000000        0x2 I2C.o
 .bss.pptr0     0x00000000        0x2 I2C.o
 .data.string16
                0x00000000        0xe I2C.o
 .data.string15
                0x00000000        0xa I2C.o
 .data.string14
                0x00000000        0xf I2C.o
 .data.string13
                0x00000000        0xf I2C.o
 .data.string12
                0x00000000        0xf I2C.o
 .data.string11
                0x00000000       0x10 I2C.o
 .data.string6  0x00000000        0xf I2C.o
 .data.string5  0x00000000        0xc I2C.o
 .data.string4  0x00000000       0x11 I2C.o
 .data.string3  0x00000000       0x11 I2C.o
 .data.string2  0x00000000       0x11 I2C.o
 .data.string1  0x00000000        0xd I2C.o
 .text          0x00000000        0x0 Keypad.o
 .data          0x00000000        0x0 Keypad.o
 .bss           0x00000000        0x0 Keypad.o
 .text.Keypad_Init
                0x00000000       0x86 Keypad.o
 .text          0x00000000        0x0 LCD.o
 .data          0x00000000        0x0 LCD.o
 .bss           0x00000000        0x0 LCD.o
 .text.LCD_Write_Decimal
                0x00000000       0xa2 LCD.o
 .text.LCD_Write_Custom_Char
                0x00000000       0x36 LCD.o
 .text          0x00000000        0x0 LED.o
 .data          0x00000000        0x0 LED.o
 .bss           0x00000000        0x0 LED.o
 .text.LED0_Init
                0x00000000       0x16 LED.o
 .text.LED1_Init
                0x00000000       0x16 LED.o
 .text.LED2_Init
                0x00000000       0x16 LED.o
 .text.LED3_Init
                0x00000000       0x16 LED.o
 .text.LED4_Init
                0x00000000       0x16 LED.o
 .text          0x00000000        0x0 main.o
 .data          0x00000000        0x0 main.o
 .bss           0x00000000        0x0 main.o
 .text          0x00000000        0x0 Relay.o
 .data          0x00000000        0x0 Relay.o
 .bss           0x00000000        0x0 Relay.o
 .text.Relay_Init
                0x00000000       0x16 Relay.o
 .text.Relay_ON
                0x00000000        0xc Relay.o
 .text.Relay_OFF
                0x00000000        0xc Relay.o
 .text.Relay_Toggle
                0x00000000        0xa Relay.o
 .debug_info    0x00000000      0x171 Relay.o
 .debug_abbrev  0x00000000       0x71 Relay.o
 .debug_aranges
                0x00000000       0x38 Relay.o
 .debug_ranges  0x00000000       0x28 Relay.o
 .debug_line    0x00000000       0x91 Relay.o
 .debug_str     0x00000000      0x1cb Relay.o
 .comment       0x00000000       0x31 Relay.o
 .debug_frame   0x00000000       0x54 Relay.o
 .text          0x00000000        0x0 servoo.o
 .data          0x00000000        0x0 servoo.o
 .bss           0x00000000        0x0 servoo.o
 .text.Servo_Init
                0x00000000       0x14 servoo.o
 .text          0x00000000        0x0 Timer.o
 .data          0x00000000        0x0 Timer.o
 .bss           0x00000000        0x0 Timer.o
 .text.Timer0_SetDelay
                0x00000000        0x2 Timer.o
 .text.Timer0_Stop
                0x00000000        0x8 Timer.o
 .text.Timer1_Init
                0x00000000       0x48 Timer.o
 .text.Timer1_SetDelay
                0x00000000        0x2 Timer.o
 .text.PWM1_Gen
                0x00000000      0x192 Timer.o
 .text.Timer1_Start
                0x00000000        0xa Timer.o
 .text.Timer1_Stop
                0x00000000        0x8 Timer.o
 .text.Timer2_Init
                0x00000000       0x2c Timer.o
 .text.PWM2_Gen
                0x00000000       0x74 Timer.o
 .bss.Timer1B_Init_Value
                0x00000000        0x1 Timer.o
 .bss.Timer1B_Num_OVF
                0x00000000        0x2 Timer.o
 .bss.Timer1A_Init_Value
                0x00000000        0x1 Timer.o
 .bss.Timer1A_Num_OVF
                0x00000000        0x2 Timer.o
 .text          0x00000000        0x0 UART.o
 .data          0x00000000        0x0 UART.o
 .bss           0x00000000        0x0 UART.o
 .text.UART_Init
                0x00000000       0x3c UART.o
 .bss.First_Check
                0x00000000        0x1 UART.o
 .bss.Temp_Display
                0x00000000        0x1 UART.o
 .text          0x00000000        0x0 f:/atmel/7.0/toolchain/avr8/avr8-gnu-toolchain/bin/../lib/gcc/avr/5.4.0/../../../../avr/lib/avr5\libm.a(addsf3.o)
 .data          0x00000000        0x0 f:/atmel/7.0/toolchain/avr8/avr8-gnu-toolchain/bin/../lib/gcc/avr/5.4.0/../../../../avr/lib/avr5\libm.a(addsf3.o)
 .bss           0x00000000        0x0 f:/atmel/7.0/toolchain/avr8/avr8-gnu-toolchain/bin/../lib/gcc/avr/5.4.0/../../../../avr/lib/avr5\libm.a(addsf3.o)
 .text          0x00000000        0x0 f:/atmel/7.0/toolchain/avr8/avr8-gnu-toolchain/bin/../lib/gcc/avr/5.4.0/../../../../avr/lib/avr5\libm.a(addsf3x.o)
 .data          0x00000000        0x0 f:/atmel/7.0/toolchain/avr8/avr8-gnu-toolchain/bin/../lib/gcc/avr/5.4.0/../../../../avr/lib/avr5\libm.a(addsf3x.o)
 .bss           0x00000000        0x0 f:/atmel/7.0/toolchain/avr8/avr8-gnu-toolchain/bin/../lib/gcc/avr/5.4.0/../../../../avr/lib/avr5\libm.a(addsf3x.o)
 .text          0x00000000        0x0 f:/atmel/7.0/toolchain/avr8/avr8-gnu-toolchain/bin/../lib/gcc/avr/5.4.0/../../../../avr/lib/avr5\libm.a(cmpsf2.o)
 .data          0x00000000        0x0 f:/atmel/7.0/toolchain/avr8/avr8-gnu-toolchain/bin/../lib/gcc/avr/5.4.0/../../../../avr/lib/avr5\libm.a(cmpsf2.o)
 .bss           0x00000000        0x0 f:/atmel/7.0/toolchain/avr8/avr8-gnu-toolchain/bin/../lib/gcc/avr/5.4.0/../../../../avr/lib/avr5\libm.a(cmpsf2.o)
 .text          0x00000000        0x0 f:/atmel/7.0/toolchain/avr8/avr8-gnu-toolchain/bin/../lib/gcc/avr/5.4.0/../../../../avr/lib/avr5\libm.a(divsf3.o)
 .data          0x00000000        0x0 f:/atmel/7.0/toolchain/avr8/avr8-gnu-toolchain/bin/../lib/gcc/avr/5.4.0/../../../../avr/lib/avr5\libm.a(divsf3.o)
 .bss           0x00000000        0x0 f:/atmel/7.0/toolchain/avr8/avr8-gnu-toolchain/bin/../lib/gcc/avr/5.4.0/../../../../avr/lib/avr5\libm.a(divsf3.o)
 .text          0x00000000        0x0 f:/atmel/7.0/toolchain/avr8/avr8-gnu-toolchain/bin/../lib/gcc/avr/5.4.0/../../../../avr/lib/avr5\libm.a(divsf3x.o)
 .data          0x00000000        0x0 f:/atmel/7.0/toolchain/avr8/avr8-gnu-toolchain/bin/../lib/gcc/avr/5.4.0/../../../../avr/lib/avr5\libm.a(divsf3x.o)
 .bss           0x00000000        0x0 f:/atmel/7.0/toolchain/avr8/avr8-gnu-toolchain/bin/../lib/gcc/avr/5.4.0/../../../../avr/lib/avr5\libm.a(divsf3x.o)
 .text          0x00000000        0x0 f:/atmel/7.0/toolchain/avr8/avr8-gnu-toolchain/bin/../lib/gcc/avr/5.4.0/../../../../avr/lib/avr5\libm.a(fixunssfsi.o)
 .data          0x00000000        0x0 f:/atmel/7.0/toolchain/avr8/avr8-gnu-toolchain/bin/../lib/gcc/avr/5.4.0/../../../../avr/lib/avr5\libm.a(fixunssfsi.o)
 .bss           0x00000000        0x0 f:/atmel/7.0/toolchain/avr8/avr8-gnu-toolchain/bin/../lib/gcc/avr/5.4.0/../../../../avr/lib/avr5\libm.a(fixunssfsi.o)
 .text          0x00000000        0x0 f:/atmel/7.0/toolchain/avr8/avr8-gnu-toolchain/bin/../lib/gcc/avr/5.4.0/../../../../avr/lib/avr5\libm.a(floatsisf.o)
 .data          0x00000000        0x0 f:/atmel/7.0/toolchain/avr8/avr8-gnu-toolchain/bin/../lib/gcc/avr/5.4.0/../../../../avr/lib/avr5\libm.a(floatsisf.o)
 .bss           0x00000000        0x0 f:/atmel/7.0/toolchain/avr8/avr8-gnu-toolchain/bin/../lib/gcc/avr/5.4.0/../../../../avr/lib/avr5\libm.a(floatsisf.o)
 .text          0x00000000        0x0 f:/atmel/7.0/toolchain/avr8/avr8-gnu-toolchain/bin/../lib/gcc/avr/5.4.0/../../../../avr/lib/avr5\libm.a(fp_cmp.o)
 .data          0x00000000        0x0 f:/atmel/7.0/toolchain/avr8/avr8-gnu-toolchain/bin/../lib/gcc/avr/5.4.0/../../../../avr/lib/avr5\libm.a(fp_cmp.o)
 .bss           0x00000000        0x0 f:/atmel/7.0/toolchain/avr8/avr8-gnu-toolchain/bin/../lib/gcc/avr/5.4.0/../../../../avr/lib/avr5\libm.a(fp_cmp.o)
 .text          0x00000000        0x0 f:/atmel/7.0/toolchain/avr8/avr8-gnu-toolchain/bin/../lib/gcc/avr/5.4.0/../../../../avr/lib/avr5\libm.a(fp_inf.o)
 .data          0x00000000        0x0 f:/atmel/7.0/toolchain/avr8/avr8-gnu-toolchain/bin/../lib/gcc/avr/5.4.0/../../../../avr/lib/avr5\libm.a(fp_inf.o)
 .bss           0x00000000        0x0 f:/atmel/7.0/toolchain/avr8/avr8-gnu-toolchain/bin/../lib/gcc/avr/5.4.0/../../../../avr/lib/avr5\libm.a(fp_inf.o)
 .text          0x00000000        0x0 f:/atmel/7.0/toolchain/avr8/avr8-gnu-toolchain/bin/../lib/gcc/avr/5.4.0/../../../../avr/lib/avr5\libm.a(fp_nan.o)
 .data          0x00000000        0x0 f:/atmel/7.0/toolchain/avr8/avr8-gnu-toolchain/bin/../lib/gcc/avr/5.4.0/../../../../avr/lib/avr5\libm.a(fp_nan.o)
 .bss           0x00000000        0x0 f:/atmel/7.0/toolchain/avr8/avr8-gnu-toolchain/bin/../lib/gcc/avr/5.4.0/../../../../avr/lib/avr5\libm.a(fp_nan.o)
 .text          0x00000000        0x0 f:/atmel/7.0/toolchain/avr8/avr8-gnu-toolchain/bin/../lib/gcc/avr/5.4.0/../../../../avr/lib/avr5\libm.a(fp_pscA.o)
 .data          0x00000000        0x0 f:/atmel/7.0/toolchain/avr8/avr8-gnu-toolchain/bin/../lib/gcc/avr/5.4.0/../../../../avr/lib/avr5\libm.a(fp_pscA.o)
 .bss           0x00000000        0x0 f:/atmel/7.0/toolchain/avr8/avr8-gnu-toolchain/bin/../lib/gcc/avr/5.4.0/../../../../avr/lib/avr5\libm.a(fp_pscA.o)
 .text          0x00000000        0x0 f:/atmel/7.0/toolchain/avr8/avr8-gnu-toolchain/bin/../lib/gcc/avr/5.4.0/../../../../avr/lib/avr5\libm.a(fp_pscB.o)
 .data          0x00000000        0x0 f:/atmel/7.0/toolchain/avr8/avr8-gnu-toolchain/bin/../lib/gcc/avr/5.4.0/../../../../avr/lib/avr5\libm.a(fp_pscB.o)
 .bss           0x00000000        0x0 f:/atmel/7.0/toolchain/avr8/avr8-gnu-toolchain/bin/../lib/gcc/avr/5.4.0/../../../../avr/lib/avr5\libm.a(fp_pscB.o)
 .text          0x00000000        0x0 f:/atmel/7.0/toolchain/avr8/avr8-gnu-toolchain/bin/../lib/gcc/avr/5.4.0/../../../../avr/lib/avr5\libm.a(fp_round.o)
 .data          0x00000000        0x0 f:/atmel/7.0/toolchain/avr8/avr8-gnu-toolchain/bin/../lib/gcc/avr/5.4.0/../../../../avr/lib/avr5\libm.a(fp_round.o)
 .bss           0x00000000        0x0 f:/atmel/7.0/toolchain/avr8/avr8-gnu-toolchain/bin/../lib/gcc/avr/5.4.0/../../../../avr/lib/avr5\libm.a(fp_round.o)
 .text          0x00000000        0x0 f:/atmel/7.0/toolchain/avr8/avr8-gnu-toolchain/bin/../lib/gcc/avr/5.4.0/../../../../avr/lib/avr5\libm.a(fp_split3.o)
 .data          0x00000000        0x0 f:/atmel/7.0/toolchain/avr8/avr8-gnu-toolchain/bin/../lib/gcc/avr/5.4.0/../../../../avr/lib/avr5\libm.a(fp_split3.o)
 .bss           0x00000000        0x0 f:/atmel/7.0/toolchain/avr8/avr8-gnu-toolchain/bin/../lib/gcc/avr/5.4.0/../../../../avr/lib/avr5\libm.a(fp_split3.o)
 .text          0x00000000        0x0 f:/atmel/7.0/toolchain/avr8/avr8-gnu-toolchain/bin/../lib/gcc/avr/5.4.0/../../../../avr/lib/avr5\libm.a(fp_zero.o)
 .data          0x00000000        0x0 f:/atmel/7.0/toolchain/avr8/avr8-gnu-toolchain/bin/../lib/gcc/avr/5.4.0/../../../../avr/lib/avr5\libm.a(fp_zero.o)
 .bss           0x00000000        0x0 f:/atmel/7.0/toolchain/avr8/avr8-gnu-toolchain/bin/../lib/gcc/avr/5.4.0/../../../../avr/lib/avr5\libm.a(fp_zero.o)
 .text          0x00000000        0x0 f:/atmel/7.0/toolchain/avr8/avr8-gnu-toolchain/bin/../lib/gcc/avr/5.4.0/../../../../avr/lib/avr5\libm.a(gesf2.o)
 .data          0x00000000        0x0 f:/atmel/7.0/toolchain/avr8/avr8-gnu-toolchain/bin/../lib/gcc/avr/5.4.0/../../../../avr/lib/avr5\libm.a(gesf2.o)
 .bss           0x00000000        0x0 f:/atmel/7.0/toolchain/avr8/avr8-gnu-toolchain/bin/../lib/gcc/avr/5.4.0/../../../../avr/lib/avr5\libm.a(gesf2.o)
 .text          0x00000000        0x0 f:/atmel/7.0/toolchain/avr8/avr8-gnu-toolchain/bin/../lib/gcc/avr/5.4.0/../../../../avr/lib/avr5\libm.a(mulsf3.o)
 .data          0x00000000        0x0 f:/atmel/7.0/toolchain/avr8/avr8-gnu-toolchain/bin/../lib/gcc/avr/5.4.0/../../../../avr/lib/avr5\libm.a(mulsf3.o)
 .bss           0x00000000        0x0 f:/atmel/7.0/toolchain/avr8/avr8-gnu-toolchain/bin/../lib/gcc/avr/5.4.0/../../../../avr/lib/avr5\libm.a(mulsf3.o)
 .text          0x00000000        0x0 f:/atmel/7.0/toolchain/avr8/avr8-gnu-toolchain/bin/../lib/gcc/avr/5.4.0/../../../../avr/lib/avr5\libm.a(mulsf3x.o)
 .data          0x00000000        0x0 f:/atmel/7.0/toolchain/avr8/avr8-gnu-toolchain/bin/../lib/gcc/avr/5.4.0/../../../../avr/lib/avr5\libm.a(mulsf3x.o)
 .bss           0x00000000        0x0 f:/atmel/7.0/toolchain/avr8/avr8-gnu-toolchain/bin/../lib/gcc/avr/5.4.0/../../../../avr/lib/avr5\libm.a(mulsf3x.o)
 .text          0x00000000        0x0 f:/atmel/7.0/toolchain/avr8/avr8-gnu-toolchain/bin/../lib/gcc/avr/5.4.0/avr5\libgcc.a(_divmodhi4.o)
 .data          0x00000000        0x0 f:/atmel/7.0/toolchain/avr8/avr8-gnu-toolchain/bin/../lib/gcc/avr/5.4.0/avr5\libgcc.a(_divmodhi4.o)
 .bss           0x00000000        0x0 f:/atmel/7.0/toolchain/avr8/avr8-gnu-toolchain/bin/../lib/gcc/avr/5.4.0/avr5\libgcc.a(_divmodhi4.o)
 .text.libgcc.mul
                0x00000000        0x0 f:/atmel/7.0/toolchain/avr8/avr8-gnu-toolchain/bin/../lib/gcc/avr/5.4.0/avr5\libgcc.a(_divmodhi4.o)
 .text.libgcc   0x00000000        0x0 f:/atmel/7.0/toolchain/avr8/avr8-gnu-toolchain/bin/../lib/gcc/avr/5.4.0/avr5\libgcc.a(_divmodhi4.o)
 .text.libgcc.prologue
                0x00000000        0x0 f:/atmel/7.0/toolchain/avr8/avr8-gnu-toolchain/bin/../lib/gcc/avr/5.4.0/avr5\libgcc.a(_divmodhi4.o)
 .text.libgcc.builtins
                0x00000000        0x0 f:/atmel/7.0/toolchain/avr8/avr8-gnu-toolchain/bin/../lib/gcc/avr/5.4.0/avr5\libgcc.a(_divmodhi4.o)
 .text.libgcc.fmul
                0x00000000        0x0 f:/atmel/7.0/toolchain/avr8/avr8-gnu-toolchain/bin/../lib/gcc/avr/5.4.0/avr5\libgcc.a(_divmodhi4.o)
 .text.libgcc.fixed
                0x00000000        0x0 f:/atmel/7.0/toolchain/avr8/avr8-gnu-toolchain/bin/../lib/gcc/avr/5.4.0/avr5\libgcc.a(_divmodhi4.o)
 .text          0x00000000        0x0 f:/atmel/7.0/toolchain/avr8/avr8-gnu-toolchain/bin/../lib/gcc/avr/5.4.0/avr5\libgcc.a(_udivmodsi4.o)
 .data          0x00000000        0x0 f:/atmel/7.0/toolchain/avr8/avr8-gnu-toolchain/bin/../lib/gcc/avr/5.4.0/avr5\libgcc.a(_udivmodsi4.o)
 .bss           0x00000000        0x0 f:/atmel/7.0/toolchain/avr8/avr8-gnu-toolchain/bin/../lib/gcc/avr/5.4.0/avr5\libgcc.a(_udivmodsi4.o)
 .text.libgcc.mul
                0x00000000        0x0 f:/atmel/7.0/toolchain/avr8/avr8-gnu-toolchain/bin/../lib/gcc/avr/5.4.0/avr5\libgcc.a(_udivmodsi4.o)
 .text.libgcc   0x00000000        0x0 f:/atmel/7.0/toolchain/avr8/avr8-gnu-toolchain/bin/../lib/gcc/avr/5.4.0/avr5\libgcc.a(_udivmodsi4.o)
 .text.libgcc.prologue
                0x00000000        0x0 f:/atmel/7.0/toolchain/avr8/avr8-gnu-toolchain/bin/../lib/gcc/avr/5.4.0/avr5\libgcc.a(_udivmodsi4.o)
 .text.libgcc.builtins
                0x00000000        0x0 f:/atmel/7.0/toolchain/avr8/avr8-gnu-toolchain/bin/../lib/gcc/avr/5.4.0/avr5\libgcc.a(_udivmodsi4.o)
 .text.libgcc.fmul
                0x00000000        0x0 f:/atmel/7.0/toolchain/avr8/avr8-gnu-toolchain/bin/../lib/gcc/avr/5.4.0/avr5\libgcc.a(_udivmodsi4.o)
 .text.libgcc.fixed
                0x00000000        0x0 f:/atmel/7.0/toolchain/avr8/avr8-gnu-toolchain/bin/../lib/gcc/avr/5.4.0/avr5\libgcc.a(_udivmodsi4.o)
 .text          0x00000000        0x0 f:/atmel/7.0/toolchain/avr8/avr8-gnu-toolchain/bin/../lib/gcc/avr/5.4.0/avr5\libgcc.a(_exit.o)
 .data          0x00000000        0x0 f:/atmel/7.0/toolchain/avr8/avr8-gnu-toolchain/bin/../lib/gcc/avr/5.4.0/avr5\libgcc.a(_exit.o)
 .bss           0x00000000        0x0 f:/atmel/7.0/toolchain/avr8/avr8-gnu-toolchain/bin/../lib/gcc/avr/5.4.0/avr5\libgcc.a(_exit.o)
 .text.libgcc.mul
                0x00000000        0x0 f:/atmel/7.0/toolchain/avr8/avr8-gnu-toolchain/bin/../lib/gcc/avr/5.4.0/avr5\libgcc.a(_exit.o)
 .text.libgcc.div
                0x00000000        0x0 f:/atmel/7.0/toolchain/avr8/avr8-gnu-toolchain/bin/../lib/gcc/avr/5.4.0/avr5\libgcc.a(_exit.o)
 .text.libgcc   0x00000000        0x0 f:/atmel/7.0/toolchain/avr8/avr8-gnu-toolchain/bin/../lib/gcc/avr/5.4.0/avr5\libgcc.a(_exit.o)
 .text.libgcc.prologue
                0x00000000        0x0 f:/atmel/7.0/toolchain/avr8/avr8-gnu-toolchain/bin/../lib/gcc/avr/5.4.0/avr5\libgcc.a(_exit.o)
 .text.libgcc.builtins
                0x00000000        0x0 f:/atmel/7.0/toolchain/avr8/avr8-gnu-toolchain/bin/../lib/gcc/avr/5.4.0/avr5\libgcc.a(_exit.o)
 .text.libgcc.fmul
                0x00000000        0x0 f:/atmel/7.0/toolchain/avr8/avr8-gnu-toolchain/bin/../lib/gcc/avr/5.4.0/avr5\libgcc.a(_exit.o)
 .text.libgcc.fixed
                0x00000000        0x0 f:/atmel/7.0/toolchain/avr8/avr8-gnu-toolchain/bin/../lib/gcc/avr/5.4.0/avr5\libgcc.a(_exit.o)
 .text          0x00000000        0x0 f:/atmel/7.0/toolchain/avr8/avr8-gnu-toolchain/bin/../lib/gcc/avr/5.4.0/avr5\libgcc.a(_copy_data.o)
 .data          0x00000000        0x0 f:/atmel/7.0/toolchain/avr8/avr8-gnu-toolchain/bin/../lib/gcc/avr/5.4.0/avr5\libgcc.a(_copy_data.o)
 .bss           0x00000000        0x0 f:/atmel/7.0/toolchain/avr8/avr8-gnu-toolchain/bin/../lib/gcc/avr/5.4.0/avr5\libgcc.a(_copy_data.o)
 .text.libgcc.mul
                0x00000000        0x0 f:/atmel/7.0/toolchain/avr8/avr8-gnu-toolchain/bin/../lib/gcc/avr/5.4.0/avr5\libgcc.a(_copy_data.o)
 .text.libgcc.div
                0x00000000        0x0 f:/atmel/7.0/toolchain/avr8/avr8-gnu-toolchain/bin/../lib/gcc/avr/5.4.0/avr5\libgcc.a(_copy_data.o)
 .text.libgcc   0x00000000        0x0 f:/atmel/7.0/toolchain/avr8/avr8-gnu-toolchain/bin/../lib/gcc/avr/5.4.0/avr5\libgcc.a(_copy_data.o)
 .text.libgcc.prologue
                0x00000000        0x0 f:/atmel/7.0/toolchain/avr8/avr8-gnu-toolchain/bin/../lib/gcc/avr/5.4.0/avr5\libgcc.a(_copy_data.o)
 .text.libgcc.builtins
                0x00000000        0x0 f:/atmel/7.0/toolchain/avr8/avr8-gnu-toolchain/bin/../lib/gcc/avr/5.4.0/avr5\libgcc.a(_copy_data.o)
 .text.libgcc.fmul
                0x00000000        0x0 f:/atmel/7.0/toolchain/avr8/avr8-gnu-toolchain/bin/../lib/gcc/avr/5.4.0/avr5\libgcc.a(_copy_data.o)
 .text.libgcc.fixed
                0x00000000        0x0 f:/atmel/7.0/toolchain/avr8/avr8-gnu-toolchain/bin/../lib/gcc/avr/5.4.0/avr5\libgcc.a(_copy_data.o)
 .text          0x00000000        0x0 f:/atmel/7.0/toolchain/avr8/avr8-gnu-toolchain/bin/../lib/gcc/avr/5.4.0/avr5\libgcc.a(_clear_bss.o)
 .data          0x00000000        0x0 f:/atmel/7.0/toolchain/avr8/avr8-gnu-toolchain/bin/../lib/gcc/avr/5.4.0/avr5\libgcc.a(_clear_bss.o)
 .bss           0x00000000        0x0 f:/atmel/7.0/toolchain/avr8/avr8-gnu-toolchain/bin/../lib/gcc/avr/5.4.0/avr5\libgcc.a(_clear_bss.o)
 .text.libgcc.mul
                0x00000000        0x0 f:/atmel/7.0/toolchain/avr8/avr8-gnu-toolchain/bin/../lib/gcc/avr/5.4.0/avr5\libgcc.a(_clear_bss.o)
 .text.libgcc.div
                0x00000000        0x0 f:/atmel/7.0/toolchain/avr8/avr8-gnu-toolchain/bin/../lib/gcc/avr/5.4.0/avr5\libgcc.a(_clear_bss.o)
 .text.libgcc   0x00000000        0x0 f:/atmel/7.0/toolchain/avr8/avr8-gnu-toolchain/bin/../lib/gcc/avr/5.4.0/avr5\libgcc.a(_clear_bss.o)
 .text.libgcc.prologue
                0x00000000        0x0 f:/atmel/7.0/toolchain/avr8/avr8-gnu-toolchain/bin/../lib/gcc/avr/5.4.0/avr5\libgcc.a(_clear_bss.o)
 .text.libgcc.builtins
                0x00000000        0x0 f:/atmel/7.0/toolchain/avr8/avr8-gnu-toolchain/bin/../lib/gcc/avr/5.4.0/avr5\libgcc.a(_clear_bss.o)
 .text.libgcc.fmul
                0x00000000        0x0 f:/atmel/7.0/toolchain/avr8/avr8-gnu-toolchain/bin/../lib/gcc/avr/5.4.0/avr5\libgcc.a(_clear_bss.o)
 .text.libgcc.fixed
                0x00000000        0x0 f:/atmel/7.0/toolchain/avr8/avr8-gnu-toolchain/bin/../lib/gcc/avr/5.4.0/avr5\libgcc.a(_clear_bss.o)
 .text          0x00000000        0x0 f:/atmel/7.0/toolchain/avr8/avr8-gnu-toolchain/bin/../lib/gcc/avr/5.4.0/avr5\libgcc.a(_udivmodhi4.o)
 .data          0x00000000        0x0 f:/atmel/7.0/toolchain/avr8/avr8-gnu-toolchain/bin/../lib/gcc/avr/5.4.0/avr5\libgcc.a(_udivmodhi4.o)
 .bss           0x00000000        0x0 f:/atmel/7.0/toolchain/avr8/avr8-gnu-toolchain/bin/../lib/gcc/avr/5.4.0/avr5\libgcc.a(_udivmodhi4.o)
 .text.libgcc.mul
                0x00000000        0x0 f:/atmel/7.0/toolchain/avr8/avr8-gnu-toolchain/bin/../lib/gcc/avr/5.4.0/avr5\libgcc.a(_udivmodhi4.o)
 .text.libgcc   0x00000000        0x0 f:/atmel/7.0/toolchain/avr8/avr8-gnu-toolchain/bin/../lib/gcc/avr/5.4.0/avr5\libgcc.a(_udivmodhi4.o)
 .text.libgcc.prologue
                0x00000000        0x0 f:/atmel/7.0/toolchain/avr8/avr8-gnu-toolchain/bin/../lib/gcc/avr/5.4.0/avr5\libgcc.a(_udivmodhi4.o)
 .text.libgcc.builtins
                0x00000000        0x0 f:/atmel/7.0/toolchain/avr8/avr8-gnu-toolchain/bin/../lib/gcc/avr/5.4.0/avr5\libgcc.a(_udivmodhi4.o)
 .text.libgcc.fmul
                0x00000000        0x0 f:/atmel/7.0/toolchain/avr8/avr8-gnu-toolchain/bin/../lib/gcc/avr/5.4.0/avr5\libgcc.a(_udivmodhi4.o)
 .text.libgcc.fixed
                0x00000000        0x0 f:/atmel/7.0/toolchain/avr8/avr8-gnu-toolchain/bin/../lib/gcc/avr/5.4.0/avr5\libgcc.a(_udivmodhi4.o)

Memory Configuration

Name             Origin             Length             Attributes
text             0x00000000         0x00008000         xr
data             0x00800060         0x00000800         rw !x
eeprom           0x00810000         0x00000400         rw !x
fuse             0x00820000         0x00000002         rw !x
lock             0x00830000         0x00000400         rw !x
signature        0x00840000         0x00000400         rw !x
user_signatures  0x00850000         0x00000400         rw !x
*default*        0x00000000         0xffffffff

Linker script and memory map

LOAD F:/ATMEL/7.0/Packs/atmel/ATmega_DFP/1.7.374/gcc/dev/atmega32/avr5/crtatmega32.o
LOAD ADC.o
LOAD Buzzer.o
LOAD DCM.o
LOAD DC_Motor.o
LOAD DIO.o
LOAD EEPROM.o
LOAD EXR_Interrupt.o
LOAD Functions.o
LOAD I2C.o
LOAD Keypad.o
LOAD LCD.o
LOAD LED.o
LOAD main.o
LOAD Relay.o
LOAD servoo.o
LOAD Timer.o
LOAD UART.o
START GROUP
LOAD f:/atmel/7.0/toolchain/avr8/avr8-gnu-toolchain/bin/../lib/gcc/avr/5.4.0/../../../../avr/lib/avr5\libm.a
END GROUP
START GROUP
LOAD f:/atmel/7.0/toolchain/avr8/avr8-gnu-toolchain/bin/../lib/gcc/avr/5.4.0/avr5\libgcc.a
LOAD f:/atmel/7.0/toolchain/avr8/avr8-gnu-toolchain/bin/../lib/gcc/avr/5.4.0/../../../../avr/lib/avr5\libm.a
LOAD f:/atmel/7.0/toolchain/avr8/avr8-gnu-toolchain/bin/../lib/gcc/avr/5.4.0/../../../../avr/lib/avr5\libc.a
LOAD F:/ATMEL/7.0/Packs/atmel/ATmega_DFP/1.7.374/gcc/dev/atmega32/avr5\libatmega32.a
END GROUP
                0x00000000                __TEXT_REGION_ORIGIN__ = DEFINED (__TEXT_REGION_ORIGIN__)?__TEXT_REGION_ORIGIN__:0x0
                [0x00800060]                __DATA_REGION_ORIGIN__ = DEFINED (__DATA_REGION_ORIGIN__)?__DATA_REGION_ORIGIN__:0x800060
                [0x00008000]                __TEXT_REGION_LENGTH__ = DEFINED (__TEXT_REGION_LENGTH__)?__TEXT_REGION_LENGTH__:0x20000
                [0x00000800]                __DATA_REGION_LENGTH__ = DEFINED (__DATA_REGION_LENGTH__)?__DATA_REGION_LENGTH__:0xffa0
                [0x00000400]                __EEPROM_REGION_LENGTH__ = DEFINED (__EEPROM_REGION_LENGTH__)?__EEPROM_REGION_LENGTH__:0x10000
                [0x00000002]                __FUSE_REGION_LENGTH__ = DEFINED (__FUSE_REGION_LENGTH__)?__FUSE_REGION_LENGTH__:0x400
                0x00000400                __LOCK_REGION_LENGTH__ = DEFINED (__LOCK_REGION_LENGTH__)?__LOCK_REGION_LENGTH__:0x400
                0x00000400                __SIGNATURE_REGION_LENGTH__ = DEFINED (__SIGNATURE_REGION_LENGTH__)?__SIGNATURE_REGION_LENGTH__:0x400
                0x00000400                __USER_SIGNATURE_REGION_LENGTH__ = DEFINED (__USER_SIGNATURE_REGION_LENGTH__)?__USER_SIGNATURE_REGION_LENGTH__:0x400

.hash
 *(.hash)

.dynsym
 *(.dynsym)

.dynstr
 *(.dynstr)

.gnu.version
 *(.gnu.version)

.gnu.version_d
 *(.gnu.version_d)

.gnu.version_r
 *(.gnu.version_r)

.rel.init
 *(.rel.init)

.rela.init
 *(.rela.init)

.rel.text
 *(.rel.text)
 *(.rel.text.*)
 *(.rel.gnu.linkonce.t*)

.rela.text
 *(.rela.text)
 *(.rela.text.*)
 *(.rela.gnu.linkonce.t*)

.rel.fini
 *(.rel.fini)

.rela.fini
 *(.rela.fini)

.rel.rodata
 *(.rel.rodata)
 *(.rel.rodata.*)
 *(.rel.gnu.linkonce.r*)

.rela.rodata
 *(.rela.rodata)
 *(.rela.rodata.*)
 *(.rela.gnu.linkonce.r*)

.rel.data
 *(.rel.data)
 *(.rel.data.*)
 *(.rel.gnu.linkonce.d*)

.rela.data
 *(.rela.data)
 *(.rela.data.*)
 *(.rela.gnu.linkonce.d*)

.rel.ctors
 *(.rel.ctors)

.rela.ctors
 *(.rela.ctors)

.rel.dtors
 *(.rel.dtors)

.rela.dtors
 *(.rela.dtors)

.rel.got
 *(.rel.got)

.rela.got
 *(.rela.got)

.rel.bss
 *(.rel.bss)

.rela.bss
 *(.rela.bss)

.rel.plt
 *(.rel.plt)

.rela.plt
 *(.rela.plt)

.text           0x00000000     0x3520
 *(.vectors)
 .vectors       0x00000000       0x54 F:/ATMEL/7.0/Packs/atmel/ATmega_DFP/1.7.374/gcc/dev/atmega32/avr5/crtatmega32.o
                0x00000000                __vector_default
                0x00000000                __vectors
 *(.vectors)
 *(.progmem.gcc*)
                0x00000054                . = ALIGN (0x2)
                0x00000054                __trampolines_start = .
 *(.trampolines)
 .trampolines   0x00000054        0x0 linker stubs
 *(.trampolines*)
                0x00000054                __trampolines_end = .
 *libprintf_flt.a:*(.progmem.data)
 *libc.a:*(.progmem.data)
 *(.progmem*)
                0x00000054                . = ALIGN (0x2)
 *(.jumptables)
 *(.jumptables*)
 *(.lowtext)
 *(.lowtext*)
                0x00000054                __ctors_start = .
 *(.ctors)
                0x00000054                __ctors_end = .
                0x00000054                __dtors_start = .
 *(.dtors)
                0x00000054                __dtors_end = .
 SORT(*)(.ctors)
 SORT(*)(.dtors)
 *(.init0)
 .init0         0x00000054        0x0 F:/ATMEL/7.0/Packs/atmel/ATmega_DFP/1.7.374/gcc/dev/atmega32/avr5/crtatmega32.o
                0x00000054                __init
 *(.init0)
 *(.init1)
 *(.init1)
 *(.init2)
 .init2         0x00000054        0xc F:/ATMEL/7.0/Packs/atmel/ATmega_DFP/1.7.374/gcc/dev/atmega32/avr5/crtatmega32.o
 *(.init2)
 *(.init3)
 *(.init3)
 *(.init4)
 .init4         0x00000060       0x16 f:/atmel/7.0/toolchain/avr8/avr8-gnu-toolchain/bin/../lib/gcc/avr/5.4.0/avr5\libgcc.a(_copy_data.o)
                0x00000060                __do_copy_data
 .init4         0x00000076       0x10 f:/atmel/7.0/toolchain/avr8/avr8-gnu-toolchain/bin/../lib/gcc/avr/5.4.0/avr5\libgcc.a(_clear_bss.o)
                0x00000076                __do_clear_bss
 *(.init4)
 *(.init5)
 *(.init5)
 *(.init6)
 *(.init6)
 *(.init7)
 *(.init7)
 *(.init8)
 *(.init8)
 *(.init9)
 .init9         0x00000086        0x8 F:/ATMEL/7.0/Packs/atmel/ATmega_DFP/1.7.374/gcc/dev/atmega32/avr5/crtatmega32.o
 *(.init9)
 *(.text)
 .text          0x0000008e        0x4 F:/ATMEL/7.0/Packs/atmel/ATmega_DFP/1.7.374/gcc/dev/atmega32/avr5/crtatmega32.o
                0x0000008e                __vector_12
                0x0000008e                __bad_interrupt
                0x0000008e                __vector_6
                0x0000008e                __vector_3
                0x0000008e                __vector_17
                0x0000008e                __vector_19
                0x0000008e                __vector_7
                0x0000008e                __vector_9
                0x0000008e                __vector_2
                0x0000008e                __vector_8
                0x0000008e                __vector_14
                0x0000008e                __vector_18
                0x0000008e                __vector_20
                0x00000092                . = ALIGN (0x2)
 *(.text.*)
 .text.ADC_Init
                0x00000092       0x34 ADC.o
                0x00000092                ADC_Init
 .text.ADC_Read
                0x000000c6       0x18 ADC.o
                0x000000c6                ADC_Read
 .text.__vector_16
                0x000000de       0x14 ADC.o
                0x000000de                __vector_16
 .text.Buzzer_ON
                0x000000f2        0xc Buzzer.o
                0x000000f2                Buzzer_ON
 .text.Buzzer_OFF
                0x000000fe        0xc Buzzer.o
                0x000000fe                Buzzer_OFF
 .text.Buzzer_Toggle
                0x0000010a        0xa Buzzer.o
                0x0000010a                Buzzer_Toggle
 .text.DC_Motor1_INIT
                0x00000114       0x2e DC_Motor.o
                0x00000114                DC_Motor1_INIT
 .text.DC_Motor1_START
                0x00000142       0x52 DC_Motor.o
                0x00000142                DC_Motor1_START
 .text.DC_Motor1_STOP
                0x00000194       0x16 DC_Motor.o
                0x00000194                DC_Motor1_STOP
 .text.DIO_SetPin_Dir
                0x000001aa       0xe2 DIO.o
                0x000001aa                DIO_SetPin_Dir
 .text.DIO_SetPin_Value
                0x0000028c       0xe2 DIO.o
                0x0000028c                DIO_SetPin_Value
 .text.DIO_GetPin_Value
                0x0000036e       0x5c DIO.o
                0x0000036e                DIO_GetPin_Value
 .text.DIO_TogglePin_Value
                0x000003ca       0x68 DIO.o
                0x000003ca                DIO_TogglePin_Value
 .text.EEPROM_WriteByte
                0x00000432       0x42 EEPROM.o
                0x00000432                EEPROM_WriteByte
 .text.EEPROM_ReadByte
                0x00000474       0x3c EEPROM.o
                0x00000474                EEPROM_ReadByte
 .text.__vector_1
                0x000004b0      0x45c EXR_Interrupt.o
                0x000004b0                __vector_1
 .text.Alarm_Fn
                0x0000090c      0x66c Functions.o
                0x0000090c                Alarm_Fn
 .text.I2C_SendStartCond
                0x00000f78        0xc I2C.o
                0x00000f78                I2C_SendStartCond
 .text.I2C_SendRepStartCond
                0x00000f84        0xc I2C.o
                0x00000f84                I2C_SendRepStartCond
 .text.I2C_SendSlaveAdd_WriteOP
                0x00000f90       0x22 I2C.o
                0x00000f90                I2C_SendSlaveAdd_WriteOP
 .text.I2C_SendSlaveAdd_ReadOP
                0x00000fb2       0x16 I2C.o
                0x00000fb2                I2C_SendSlaveAdd_ReadOP
 .text.I2C_SendData
                0x00000fc8        0xe I2C.o
                0x00000fc8                I2C_SendData
 .text.I2C_ReadData
                0x00000fd6        0xe I2C.o
                0x00000fd6                I2C_ReadData
 .text.I2C_SendStopCond
                0x00000fe4        0xc I2C.o
                0x00000fe4                I2C_SendStopCond
 .text.Keypad_GetValue
                0x00000ff0       0x6a Keypad.o
                0x00000ff0                Keypad_GetValue
 .text.LCD_Write_CMD
                0x0000105a       0x8e LCD.o
                0x0000105a                LCD_Write_CMD
 .text.LCD_Init
                0x000010e8       0xca LCD.o
                0x000010e8                LCD_Init
 .text.LCD_Write_Char
                0x000011b2       0x82 LCD.o
                0x000011b2                LCD_Write_Char
 .text.LCD_Write_String
                0x00001234       0x26 LCD.o
                0x00001234                LCD_Write_String
 .text.LCD_Write_Integer
                0x0000125a       0xe6 LCD.o
                0x0000125a                LCD_Write_Integer
 .text.LCD_Clear
                0x00001340        0x8 LCD.o
                0x00001340                LCD_Clear
 .text.LCD_Goto
                0x00001348       0x3c LCD.o
                0x00001348                LCD_Goto
 .text.LED0_ON  0x00001384        0xc LED.o
                0x00001384                LED0_ON
 .text.LED0_OFF
                0x00001390        0xc LED.o
                0x00001390                LED0_OFF
 .text.LED0_Toggle
                0x0000139c        0xa LED.o
                0x0000139c                LED0_Toggle
 .text.LED1_ON  0x000013a6        0xc LED.o
                0x000013a6                LED1_ON
 .text.LED1_OFF
                0x000013b2        0xc LED.o
                0x000013b2                LED1_OFF
 .text.LED1_Toggle
                0x000013be        0xa LED.o
                0x000013be                LED1_Toggle
 .text.LED2_ON  0x000013c8        0xc LED.o
                0x000013c8                LED2_ON
 .text.LED2_OFF
                0x000013d4        0xc LED.o
                0x000013d4                LED2_OFF
 .text.LED2_Toggle
                0x000013e0        0xa LED.o
                0x000013e0                LED2_Toggle
 .text.LED3_ON  0x000013ea        0xc LED.o
                0x000013ea                LED3_ON
 .text.LED3_OFF
                0x000013f6        0xc LED.o
                0x000013f6                LED3_OFF
 .text.LED3_Toggle
                0x00001402        0xa LED.o
                0x00001402                LED3_Toggle
 .text.LED4_ON  0x0000140c        0xc LED.o
                0x0000140c                LED4_ON
 .text.LED4_OFF
                0x00001418        0xc LED.o
                0x00001418                LED4_OFF
 .text.LED4_Toggle
                0x00001424        0xa LED.o
                0x00001424                LED4_Toggle
 .text.main     0x0000142e      0x146 main.o
                0x0000142e                main
 .text.Servoo_Motor
                0x00001574       0x1e servoo.o
                0x00001574                Servoo_Motor
 .text.Timer0_Init
                0x00001592       0x2c Timer.o
                0x00001592                Timer0_Init
 .text.PWM0_Gen
                0x000015be       0x74 Timer.o
                0x000015be                PWM0_Gen
 .text.Timer0_Start
                0x00001632        0xa Timer.o
                0x00001632                Timer0_Start
 .text.__vector_11
                0x0000163c       0x86 Timer.o
                0x0000163c                __vector_11
 .text.__vector_10
                0x000016c2       0xce Timer.o
                0x000016c2                __vector_10
 .text.Timer2_SetDelay
                0x00001790        0x2 Timer.o
                0x00001790                Timer2_SetDelay
 .text.Timer2_Start
                0x00001792        0x8 Timer.o
                0x00001792                Timer2_Start
 .text.Timer2_Stop
                0x0000179a        0x8 Timer.o
                0x0000179a                Timer2_Stop
 .text.__vector_5
                0x000017a2       0xa8 Timer.o
                0x000017a2                __vector_5
 .text.__vector_4
                0x0000184a       0xce Timer.o
                0x0000184a                __vector_4
 .text.UART_TX_Char
                0x00001918        0x8 UART.o
                0x00001918                UART_TX_Char
 .text.UART_TX_Str
                0x00001920       0x26 UART.o
                0x00001920                UART_TX_Str
 .text.UART_RX_Char
                0x00001946        0x8 UART.o
                0x00001946                UART_RX_Char
 .text.__vector_13
                0x0000194e     0x16b8 UART.o
                0x0000194e                __vector_13
 .text.__vector_15
                0x00003006       0x14 UART.o
                0x00003006                __vector_15
 .text.avr-libc.fplib
                0x0000301a        0xe f:/atmel/7.0/toolchain/avr8/avr8-gnu-toolchain/bin/../lib/gcc/avr/5.4.0/../../../../avr/lib/avr5\libm.a(addsf3.o)
                0x0000301a                __subsf3
                0x0000301c                __addsf3
 .text.avr-libc.fplib
                0x00003028       0xcc f:/atmel/7.0/toolchain/avr8/avr8-gnu-toolchain/bin/../lib/gcc/avr/5.4.0/../../../../avr/lib/avr5\libm.a(addsf3x.o)
                0x0000304a                __addsf3x
 .text.avr-libc.fplib
                0x000030f4        0xa f:/atmel/7.0/toolchain/avr8/avr8-gnu-toolchain/bin/../lib/gcc/avr/5.4.0/../../../../avr/lib/avr5\libm.a(cmpsf2.o)
                0x000030f4                __nesf2
                0x000030f4                __eqsf2
                0x000030f4                __cmpsf2
                0x000030f4                __ltsf2
                0x000030f4                __lesf2
 .text.avr-libc.fplib
                0x000030fe        0x8 f:/atmel/7.0/toolchain/avr8/avr8-gnu-toolchain/bin/../lib/gcc/avr/5.4.0/../../../../avr/lib/avr5\libm.a(divsf3.o)
                0x000030fe                __divsf3
 .text.avr-libc.fplib
                0x00003106       0xdc f:/atmel/7.0/toolchain/avr8/avr8-gnu-toolchain/bin/../lib/gcc/avr/5.4.0/../../../../avr/lib/avr5\libm.a(divsf3x.o)
                0x00003126                __divsf3x
                0x0000312c                __divsf3_pse
 .text.avr-libc.fplib
                0x000031e2       0x5e f:/atmel/7.0/toolchain/avr8/avr8-gnu-toolchain/bin/../lib/gcc/avr/5.4.0/../../../../avr/lib/avr5\libm.a(fixunssfsi.o)
                0x000031e2                __fixunssfsi
 .text.avr-libc.fplib
                0x00003240       0x7a f:/atmel/7.0/toolchain/avr8/avr8-gnu-toolchain/bin/../lib/gcc/avr/5.4.0/../../../../avr/lib/avr5\libm.a(floatsisf.o)
                0x00003240                __floatunsisf
                0x00003244                __floatsisf
 .text.avr-libc.fplib
                0x000032ba       0x48 f:/atmel/7.0/toolchain/avr8/avr8-gnu-toolchain/bin/../lib/gcc/avr/5.4.0/../../../../avr/lib/avr5\libm.a(fp_cmp.o)
                0x000032ba                __fp_cmp
 .text.avr-libc.fplib
                0x00003302        0xc f:/atmel/7.0/toolchain/avr8/avr8-gnu-toolchain/bin/../lib/gcc/avr/5.4.0/../../../../avr/lib/avr5\libm.a(fp_inf.o)
                0x00003302                __fp_inf
 .text.avr-libc.fplib
                0x0000330e        0x6 f:/atmel/7.0/toolchain/avr8/avr8-gnu-toolchain/bin/../lib/gcc/avr/5.4.0/../../../../avr/lib/avr5\libm.a(fp_nan.o)
                0x0000330e                __fp_nan
 .text.avr-libc.fplib
                0x00003314        0xe f:/atmel/7.0/toolchain/avr8/avr8-gnu-toolchain/bin/../lib/gcc/avr/5.4.0/../../../../avr/lib/avr5\libm.a(fp_pscA.o)
                0x00003314                __fp_pscA
 .text.avr-libc.fplib
                0x00003322        0xe f:/atmel/7.0/toolchain/avr8/avr8-gnu-toolchain/bin/../lib/gcc/avr/5.4.0/../../../../avr/lib/avr5\libm.a(fp_pscB.o)
                0x00003322                __fp_pscB
 .text.avr-libc.fplib
                0x00003330       0x22 f:/atmel/7.0/toolchain/avr8/avr8-gnu-toolchain/bin/../lib/gcc/avr/5.4.0/../../../../avr/lib/avr5\libm.a(fp_round.o)
                0x00003330                __fp_round
 .text.avr-libc.fplib
                0x00003352       0x44 f:/atmel/7.0/toolchain/avr8/avr8-gnu-toolchain/bin/../lib/gcc/avr/5.4.0/../../../../avr/lib/avr5\libm.a(fp_split3.o)
                0x00003352                __fp_split3
                0x00003362                __fp_splitA
 .text.avr-libc.fplib
                0x00003396        0xe f:/atmel/7.0/toolchain/avr8/avr8-gnu-toolchain/bin/../lib/gcc/avr/5.4.0/../../../../avr/lib/avr5\libm.a(fp_zero.o)
                0x00003396                __fp_zero
                0x00003398                __fp_szero
 .text.avr-libc.fplib
                0x000033a4        0xa f:/atmel/7.0/toolchain/avr8/avr8-gnu-toolchain/bin/../lib/gcc/avr/5.4.0/../../../../avr/lib/avr5\libm.a(gesf2.o)
                0x000033a4                __gesf2
                0x000033a4                __gtsf2
 .text.avr-libc.fplib
                0x000033ae        0x8 f:/atmel/7.0/toolchain/avr8/avr8-gnu-toolchain/bin/../lib/gcc/avr/5.4.0/../../../../avr/lib/avr5\libm.a(mulsf3.o)
                0x000033ae                __mulsf3
 .text.avr-libc.fplib
                0x000033b6       0xd2 f:/atmel/7.0/toolchain/avr8/avr8-gnu-toolchain/bin/../lib/gcc/avr/5.4.0/../../../../avr/lib/avr5\libm.a(mulsf3x.o)
                0x000033d4                __mulsf3x
                0x000033da                __mulsf3_pse
 .text.libgcc.div
                0x00003488       0x28 f:/atmel/7.0/toolchain/avr8/avr8-gnu-toolchain/bin/../lib/gcc/avr/5.4.0/avr5\libgcc.a(_divmodhi4.o)
                0x00003488                _div
                0x00003488                __divmodhi4
 .text.libgcc.div
                0x000034b0       0x44 f:/atmel/7.0/toolchain/avr8/avr8-gnu-toolchain/bin/../lib/gcc/avr/5.4.0/avr5\libgcc.a(_udivmodsi4.o)
                0x000034b0                __udivmodsi4
 .text.libgcc.div
                0x000034f4       0x28 f:/atmel/7.0/toolchain/avr8/avr8-gnu-toolchain/bin/../lib/gcc/avr/5.4.0/avr5\libgcc.a(_udivmodhi4.o)
                0x000034f4                __udivmodhi4
                0x0000351c                . = ALIGN (0x2)
 *(.fini9)
 .fini9         0x0000351c        0x0 f:/atmel/7.0/toolchain/avr8/avr8-gnu-toolchain/bin/../lib/gcc/avr/5.4.0/avr5\libgcc.a(_exit.o)
                0x0000351c                _exit
                0x0000351c                exit
 *(.fini9)
 *(.fini8)
 *(.fini8)
 *(.fini7)
 *(.fini7)
 *(.fini6)
 *(.fini6)
 *(.fini5)
 *(.fini5)
 *(.fini4)
 *(.fini4)
 *(.fini3)
 *(.fini3)
 *(.fini2)
 *(.fini2)
 *(.fini1)
 *(.fini1)
 *(.fini0)
 .fini0         0x0000351c        0x4 f:/atmel/7.0/toolchain/avr8/avr8-gnu-toolchain/bin/../lib/gcc/avr/5.4.0/avr5\libgcc.a(_exit.o)
 *(.fini0)
                0x00003520                _etext = .

.data           0x00800060      0x6ce load address 0x00003520
                0x00800060                PROVIDE (__data_start, .)
 *(.data)
 *(.data*)
 .data.arr      0x00800060       0x10 Keypad.o
                0x00800060                arr
 .data.AD_Counter
                0x00800070        0x1 UART.o
                0x00800070                AD_Counter
 *(.gnu.linkonce.d*)
 *(.rodata)
 *(.rodata*)
 .rodata.str1.1
                0x00800071      0x135 EXR_Interrupt.o
                                0x138 (size before relaxing)
 .rodata.str1.1
                0x008001a6       0x18 main.o
 .rodata.str1.1
                0x008001be      0x56f UART.o
                                0x58e (size before relaxing)
 *(.gnu.linkonce.r*)
                0x0080072e                . = ALIGN (0x2)
 *fill*         0x0080072d        0x1 
                0x0080072e                _edata = .
                0x0080072e                PROVIDE (__data_end, .)

.bss            0x0080072e       0x28
                0x0080072e                PROVIDE (__bss_start, .)
 *(.bss)
 *(.bss*)
 .bss.button    0x0080072e        0x1 EXR_Interrupt.o
                0x0080072e                button
 .bss.eme_check
                0x0080072f        0x2 EXR_Interrupt.o
                0x0080072f                eme_check
 .bss.Temp      0x00800731        0x2 main.o
                0x00800731                Temp
 .bss.Count.1765
                0x00800733        0x4 Timer.o
 .bss.Count.1759
                0x00800737        0x4 Timer.o
 .bss.Count.1715
                0x0080073b        0x4 Timer.o
 .bss.Count.1709
                0x0080073f        0x4 Timer.o
 .bss.Timer2_Init_Value
                0x00800743        0x1 Timer.o
                0x00800743                Timer2_Init_Value
 .bss.Timer2_Num_OVF
                0x00800744        0x2 Timer.o
                0x00800744                Timer2_Num_OVF
 .bss.Timer0_Init_Value
                0x00800746        0x1 Timer.o
                0x00800746                Timer0_Init_Value
 .bss.Timer0_Num_OVF
                0x00800747        0x2 Timer.o
                0x00800747                Timer0_Num_OVF
 .bss.Dimmer_Value
                0x00800749        0x4 UART.o
                0x00800749                Dimmer_Value
 .bss.Dimmer_Array
                0x0080074d        0x3 UART.o
                0x0080074d                Dimmer_Array
 .bss.PC_Counter
                0x00800750        0x1 UART.o
                0x00800750                PC_Counter
 .bss.KP_Counter
                0x00800751        0x1 UART.o
                0x00800751                KP_Counter
 .bss.CMD_Check
                0x00800752        0x1 UART.o
                0x00800752                CMD_Check
 .bss.A_U_Check
                0x00800753        0x1 UART.o
                0x00800753                A_U_Check
 .bss.SYS_Check
                0x00800754        0x1 UART.o
                0x00800754                SYS_Check
 .bss.UART_GetValue
                0x00800755        0x1 UART.o
                0x00800755                UART_GetValue
 *(COMMON)
                0x00800756                PROVIDE (__bss_end, .)
                0x00003520                __data_load_start = LOADADDR (.data)
                0x00003bee                __data_load_end = (__data_load_start + SIZEOF (.data))

.noinit         0x00800756        0x0
                [!provide]                PROVIDE (__noinit_start, .)
 *(.noinit*)
                [!provide]                PROVIDE (__noinit_end, .)
                0x00800756                _end = .
                [!provide]                PROVIDE (__heap_start, .)

.eeprom         0x00810000        0x0
 *(.eeprom*)
                0x00810000                __eeprom_end = .

.fuse
 *(.fuse)
 *(.lfuse)
 *(.hfuse)
 *(.efuse)

.lock
 *(.lock*)

.signature
 *(.signature*)

.user_signatures
 *(.user_signatures*)

.stab
 *(.stab)

.stabstr
 *(.stabstr)

.stab.excl
 *(.stab.excl)

.stab.exclstr
 *(.stab.exclstr)

.stab.index
 *(.stab.index)

.stab.indexstr
 *(.stab.indexstr)

.comment        0x00000000       0x30
 *(.comment)
 .comment       0x00000000       0x30 ADC.o
                                 0x31 (size before relaxing)
 .comment       0x00000030       0x31 Buzzer.o
 .comment       0x00000030       0x31 DC_Motor.o
 .comment       0x00000030       0x31 DIO.o
 .comment       0x00000030       0x31 EEPROM.o
 .comment       0x00000030       0x31 EXR_Interrupt.o
 .comment       0x00000030       0x31 Functions.o
 .comment       0x00000030       0x31 I2C.o
 .comment       0x00000030       0x31 Keypad.o
 .comment       0x00000030       0x31 LCD.o
 .comment       0x00000030       0x31 LED.o
 .comment       0x00000030       0x31 main.o
 .comment       0x00000030       0x31 servoo.o
 .comment       0x00000030       0x31 Timer.o
 .comment       0x00000030       0x31 UART.o

.note.gnu.avr.deviceinfo
                0x00000000       0x3c
 .note.gnu.avr.deviceinfo
                0x00000000       0x3c F:/ATMEL/7.0/Packs/atmel/ATmega_DFP/1.7.374/gcc/dev/atmega32/avr5/crtatmega32.o

.note.gnu.build-id
 *(.note.gnu.build-id)

.debug
 *(.debug)

.line
 *(.line)

.debug_srcinfo
 *(.debug_srcinfo)

.debug_sfnames
 *(.debug_sfnames)

.debug_aranges  0x00000000      0x498
 *(.debug_aranges)
 .debug_aranges
                0x00000000       0x38 ADC.o
 .debug_aranges
                0x00000038       0x38 Buzzer.o
 .debug_aranges
                0x00000070       0x48 DC_Motor.o
 .debug_aranges
                0x000000b8       0x40 DIO.o
 .debug_aranges
                0x000000f8       0x48 EEPROM.o
 .debug_aranges
                0x00000140       0x38 EXR_Interrupt.o
 .debug_aranges
                0x00000178       0x20 Functions.o
 .debug_aranges
                0x00000198       0x80 I2C.o
 .debug_aranges
                0x00000218       0x28 Keypad.o
 .debug_aranges
                0x00000240       0x60 LCD.o
 .debug_aranges
                0x000002a0       0xb8 LED.o
 .debug_aranges
                0x00000358       0x20 main.o
 .debug_aranges
                0x00000378       0x28 servoo.o
 .debug_aranges
                0x000003a0       0xb0 Timer.o
 .debug_aranges
                0x00000450       0x48 UART.o

.debug_pubnames
 *(.debug_pubnames)

.debug_info     0x00000000     0x7e70
 *(.debug_info .gnu.linkonce.wi.*)
 .debug_info    0x00000000      0x4e6 F:/ATMEL/7.0/Packs/atmel/ATmega_DFP/1.7.374/gcc/dev/atmega32/avr5/crtatmega32.o
 .debug_info    0x000004e6      0x11e ADC.o
 .debug_info    0x00000604      0x171 Buzzer.o
 .debug_info    0x00000775      0x443 DC_Motor.o
 .debug_info    0x00000bb8      0x19a DIO.o
 .debug_info    0x00000d52      0x5cd EEPROM.o
 .debug_info    0x0000131f      0x9a2 EXR_Interrupt.o
 .debug_info    0x00001cc1     0x1429 Functions.o
 .debug_info    0x000030ea      0x494 I2C.o
 .debug_info    0x0000357e      0x330 Keypad.o
 .debug_info    0x000038ae      0x8b9 LCD.o
 .debug_info    0x00004167      0x511 LED.o
 .debug_info    0x00004678      0x3c3 main.o
 .debug_info    0x00004a3b      0x104 servoo.o
 .debug_info    0x00004b3f      0x550 Timer.o
 .debug_info    0x0000508f     0x2de1 UART.o

.debug_abbrev   0x00000000     0x14eb
 *(.debug_abbrev)
 .debug_abbrev  0x00000000      0x4a3 F:/ATMEL/7.0/Packs/atmel/ATmega_DFP/1.7.374/gcc/dev/atmega32/avr5/crtatmega32.o
 .debug_abbrev  0x000004a3       0xa3 ADC.o
 .debug_abbrev  0x00000546       0x71 Buzzer.o
 .debug_abbrev  0x000005b7       0xe6 DC_Motor.o
 .debug_abbrev  0x0000069d       0x9a DIO.o
 .debug_abbrev  0x00000737      0x15d EEPROM.o
 .debug_abbrev  0x00000894      0x1a3 EXR_Interrupt.o
 .debug_abbrev  0x00000a37       0xd8 Functions.o
 .debug_abbrev  0x00000b0f      0x185 I2C.o
 .debug_abbrev  0x00000c94       0xe9 Keypad.o
 .debug_abbrev  0x00000d7d      0x1ae LCD.o
 .debug_abbrev  0x00000f2b       0x71 LED.o
 .debug_abbrev  0x00000f9c       0xc2 main.o
 .debug_abbrev  0x0000105e       0x91 servoo.o
 .debug_abbrev  0x000010ef      0x1ed Timer.o
 .debug_abbrev  0x000012dc      0x20f UART.o

.debug_line     0x00000000     0x3742
 *(.debug_line .debug_line.* .debug_line_end)
 .debug_line    0x00000000      0x116 F:/ATMEL/7.0/Packs/atmel/ATmega_DFP/1.7.374/gcc/dev/atmega32/avr5/crtatmega32.o
 .debug_line    0x00000116      0x116 ADC.o
 .debug_line    0x0000022c       0x90 Buzzer.o
 .debug_line    0x000002bc      0x16e DC_Motor.o
 .debug_line    0x0000042a      0x1e6 DIO.o
 .debug_line    0x00000610      0x2a2 EEPROM.o
 .debug_line    0x000008b2      0x4c5 EXR_Interrupt.o
 .debug_line    0x00000d77      0x6c6 Functions.o
 .debug_line    0x0000143d      0x2d8 I2C.o
 .debug_line    0x00001715      0x121 Keypad.o
 .debug_line    0x00001836      0x3f8 LCD.o
 .debug_line    0x00001c2e      0x210 LED.o
 .debug_line    0x00001e3e      0x127 main.o
 .debug_line    0x00001f65       0xc5 servoo.o
 .debug_line    0x0000202a      0x430 Timer.o
 .debug_line    0x0000245a     0x12e8 UART.o

.debug_frame    0x00000000      0xbb4
 *(.debug_frame)
 .debug_frame   0x00000000       0x60 ADC.o
 .debug_frame   0x00000060       0x54 Buzzer.o
 .debug_frame   0x000000b4       0x9c DC_Motor.o
 .debug_frame   0x00000150       0x64 DIO.o
 .debug_frame   0x000001b4       0xe0 EEPROM.o
 .debug_frame   0x00000294       0xf8 EXR_Interrupt.o
 .debug_frame   0x0000038c       0x24 Functions.o
 .debug_frame   0x000003b0      0x108 I2C.o
 .debug_frame   0x000004b8       0x44 Keypad.o
 .debug_frame   0x000004fc      0x154 LCD.o
 .debug_frame   0x00000650      0x154 LED.o
 .debug_frame   0x000007a4       0x24 main.o
 .debug_frame   0x000007c8       0x34 servoo.o
 .debug_frame   0x000007fc      0x28c Timer.o
 .debug_frame   0x00000a88      0x12c UART.o

.debug_str      0x00000000      0xd1c
 *(.debug_str)
 .debug_str     0x00000000      0x196 F:/ATMEL/7.0/Packs/atmel/ATmega_DFP/1.7.374/gcc/dev/atmega32/avr5/crtatmega32.o
 .debug_str     0x00000196      0x198 ADC.o
                                0x1d2 (size before relaxing)
 .debug_str     0x0000032e       0xe3 Buzzer.o
                                0x1ed (size before relaxing)
 .debug_str     0x00000411       0xc0 DC_Motor.o
                                0x23b (size before relaxing)
 .debug_str     0x000004d1       0xa8 DIO.o
                                0x1ec (size before relaxing)
 .debug_str     0x00000579      0x1af EEPROM.o
                                0x33c (size before relaxing)
 .debug_str     0x00000728       0xf3 EXR_Interrupt.o
                                0x2ed (size before relaxing)
 .debug_str     0x0000081b       0x7f Functions.o
                                0x271 (size before relaxing)
 .debug_str     0x0000089a       0xa1 I2C.o
                                0x34c (size before relaxing)
 .debug_str     0x0000093b       0x1a Keypad.o
                                0x203 (size before relaxing)
 .debug_str     0x00000955       0x83 LCD.o
                                0x2b0 (size before relaxing)
 .debug_str     0x000009d8       0x60 LED.o
                                0x27e (size before relaxing)
 .debug_str     0x00000a38       0x22 main.o
                                0x23b (size before relaxing)
 .debug_str     0x00000a5a       0x2d servoo.o
                                0x1cb (size before relaxing)
 .debug_str     0x00000a87      0x1bf Timer.o
                                0x3ca (size before relaxing)
 .debug_str     0x00000c46       0xd6 UART.o
                                0x3d3 (size before relaxing)

.debug_loc      0x00000000     0x37e5
 *(.debug_loc)
 .debug_loc     0x00000000       0x74 ADC.o
 .debug_loc     0x00000074      0x18e DC_Motor.o
 .debug_loc     0x00000202      0x2fd DIO.o
 .debug_loc     0x000004ff      0x590 EEPROM.o
 .debug_loc     0x00000a8f      0x42c EXR_Interrupt.o
 .debug_loc     0x00000ebb     0x1170 Functions.o
 .debug_loc     0x0000202b      0x212 I2C.o
 .debug_loc     0x0000223d       0xa4 Keypad.o
 .debug_loc     0x000022e1      0x72e LCD.o
 .debug_loc     0x00002a0f      0x595 Timer.o
 .debug_loc     0x00002fa4      0x841 UART.o

.debug_macinfo
 *(.debug_macinfo)

.debug_weaknames
 *(.debug_weaknames)

.debug_funcnames
 *(.debug_funcnames)

.debug_typenames
 *(.debug_typenames)

.debug_varnames
 *(.debug_varnames)

.debug_pubtypes
 *(.debug_pubtypes)

.debug_ranges   0x00000000      0x3d8
 *(.debug_ranges)
 .debug_ranges  0x00000000       0x28 ADC.o
 .debug_ranges  0x00000028       0x28 Buzzer.o
 .debug_ranges  0x00000050       0x38 DC_Motor.o
 .debug_ranges  0x00000088       0x30 DIO.o
 .debug_ranges  0x000000b8       0x38 EEPROM.o
 .debug_ranges  0x000000f0       0x40 EXR_Interrupt.o
 .debug_ranges  0x00000130       0x10 Functions.o
 .debug_ranges  0x00000140       0x70 I2C.o
 .debug_ranges  0x000001b0       0x30 Keypad.o
 .debug_ranges  0x000001e0       0x50 LCD.o
 .debug_ranges  0x00000230       0xa8 LED.o
 .debug_ranges  0x000002d8       0x10 main.o
 .debug_ranges  0x000002e8       0x18 servoo.o
 .debug_ranges  0x00000300       0xa0 Timer.o
 .debug_ranges  0x000003a0       0x38 UART.o

.debug_macro
 *(.debug_macro)
OUTPUT(Graduation_Project.elf elf32-avr)
LOAD linker stubs
